// Jest Snapshot v1, https://goo.gl/fbAQLP

exports[`App renders App 1`] = `
<DocumentFragment>
  <div
    class="header"
  >
    <h1>
      Work Schedule
    </h1>
    <p>
      A simple calender to schedule your workday
    </p>
    May 27th 2022, 3:12:53 pm
  </div>
  <h1>
    Schedule
  </h1>
</DocumentFragment>
`;
